// Jest Snapshot v1, https://goo.gl/fbAQLP

exports[`abc tests object matches snapshot 1`] = `
Object {
  "message": "foo() -- ios platform",
  "name": "abc test",
}
`;
